// Jest Snapshot v1, https://goo.gl/fbAQLP

exports[`Text component should render without issue 1`] = `
<Text
  accessible={true}
  allowFontScaling={true}
  ellipsizeMode="tail"
  style={
    Array [
      Object {
        "color": "black",
        "fontFamily": "sans-serif",
        "fontSize": 22,
        "fontWeight": "500",
        "letterSpacing": -0.384,
        "lineHeight": 28,
      },
      undefined,
    ]
  }
  theme={
    Object {
      "typography": Object {
        "body": Object {
          "color": "black",
          "font": "sans-serif",
          "leading": 28,
          "size": 22,
          "tracking": -0.384,
          "weight": 500,
        },
      },
    }
  }
  type="body"
/>
`;
