// Jest Snapshot v1, https://goo.gl/fbAQLP

exports[`Row component should have default props 1`] = `
<Component
  style={
    Array [
      Object {
        "flexDirection": "row",
      },
      undefined,
    ]
  }
>
  <Styled(Component) />
</Component>
`;

exports[`Row component should render without issue 1`] = `
<Component
  style={
    Array [
      Object {
        "flexDirection": "row",
      },
      undefined,
    ]
  }
>
  <Styled(Component) />
</Component>
`;
