// Jest Snapshot v1, https://goo.gl/fbAQLP

exports[`View component should render without issue 1`] = `
<Component
  style={
    Array [
      Object {},
      undefined,
    ]
  }
  theme={
    Object {
      "spacing": Array [
        2,
        4,
        8,
        16,
        32,
        64,
      ],
    }
  }
/>
`;
